{
  "version": "1.5.0",
  "plugins_used": [
    {
      "name": "ArtifactoryDetector"
    },
    {
      "name": "AWSKeyDetector"
    },
    {
      "name": "AzureStorageKeyDetector"
    },
    {
      "name": "Base64HighEntropyString",
      "limit": 4.5
    },
    {
      "name": "BasicAuthDetector"
    },
    {
      "name": "CloudantDetector"
    },
    {
      "name": "DiscordBotTokenDetector"
    },
    {
      "name": "GitHubTokenDetector"
    },
    {
      "name": "GitLabTokenDetector"
    },
    {
      "name": "HexHighEntropyString",
      "limit": 3.0
    },
    {
      "name": "IbmCloudIamDetector"
    },
    {
      "name": "IbmCosHmacDetector"
    },
    {
      "name": "IPPublicDetector"
    },
    {
      "name": "JwtTokenDetector"
    },
    {
      "name": "KeywordDetector",
      "keyword_exclude": ""
    },
    {
      "name": "MailchimpDetector"
    },
    {
      "name": "NpmDetector"
    },
    {
      "name": "OpenAIDetector"
    },
    {
      "name": "PrivateKeyDetector"
    },
    {
      "name": "PypiTokenDetector"
    },
    {
      "name": "SendGridDetector"
    },
    {
      "name": "SlackDetector"
    },
    {
      "name": "SoftlayerDetector"
    },
    {
      "name": "SquareOAuthDetector"
    },
    {
      "name": "StripeDetector"
    },
    {
      "name": "TelegramBotTokenDetector"
    },
    {
      "name": "TwilioKeyDetector"
    }
  ],
  "filters_used": [
    {
      "path": "detect_secrets.filters.allowlist.is_line_allowlisted"
    },
    {
      "path": "detect_secrets.filters.common.is_baseline_file",
      "filename": ".secrets.baseline"
    },
    {
      "path": "detect_secrets.filters.common.is_ignored_due_to_verification_policies",
      "min_level": 2
    },
    {
      "path": "detect_secrets.filters.heuristic.is_indirect_reference"
    },
    {
      "path": "detect_secrets.filters.heuristic.is_likely_id_string"
    },
    {
      "path": "detect_secrets.filters.heuristic.is_lock_file"
    },
    {
      "path": "detect_secrets.filters.heuristic.is_not_alphanumeric_string"
    },
    {
      "path": "detect_secrets.filters.heuristic.is_potential_uuid"
    },
    {
      "path": "detect_secrets.filters.heuristic.is_prefixed_with_dollar_sign"
    },
    {
      "path": "detect_secrets.filters.heuristic.is_sequential_string"
    },
    {
      "path": "detect_secrets.filters.heuristic.is_swagger_file"
    },
    {
      "path": "detect_secrets.filters.heuristic.is_templated_secret"
    },
    {
      "path": "detect_secrets.filters.regex.should_exclude_file",
      "pattern": [
        "test_corpus/"
      ]
    }
  ],
  "results": {
    "src\\knowledge_agent\\embedder_lifecycle.py": [
      {
        "type": "Hex High Entropy String",
        "filename": "src\\knowledge_agent\\embedder_lifecycle.py",
        "hashed_secret": "f6200aa4655d60ef32f72d79049c6c094ce9273f",
        "is_verified": false,
        "line_number": 232
      },
      {
        "type": "Hex High Entropy String",
        "filename": "src\\knowledge_agent\\embedder_lifecycle.py",
        "hashed_secret": "63ac1b3ff99f8d8e1054d5ea50726e3469f55073",
        "is_verified": false,
        "line_number": 244
      },
      {
        "type": "Hex High Entropy String",
        "filename": "src\\knowledge_agent\\embedder_lifecycle.py",
        "hashed_secret": "3377979d2e7b9f5aa625e21f007d97acda28b4ed",
        "is_verified": false,
        "line_number": 256
      },
      {
        "type": "Hex High Entropy String",
        "filename": "src\\knowledge_agent\\embedder_lifecycle.py",
        "hashed_secret": "2f2a8f74482faae65cc1d5b51dda48109e93a0cf",
        "is_verified": false,
        "line_number": 268
      }
    ],
    "src\\knowledge_agent\\entity_extractors\\extractor_lifecycle.py": [
      {
        "type": "Hex High Entropy String",
        "filename": "src\\knowledge_agent\\entity_extractors\\extractor_lifecycle.py",
        "hashed_secret": "c7d9ddd276485c8564efcf57dfe72f76248c59fe",
        "is_verified": false,
        "line_number": 175
      },
      {
        "type": "Hex High Entropy String",
        "filename": "src\\knowledge_agent\\entity_extractors\\extractor_lifecycle.py",
        "hashed_secret": "31ef8a3312347a6b84d5fa9a0a23ca395d8993aa",
        "is_verified": false,
        "line_number": 201
      },
      {
        "type": "Hex High Entropy String",
        "filename": "src\\knowledge_agent\\entity_extractors\\extractor_lifecycle.py",
        "hashed_secret": "6d6797db0ad3605c6b38b80527f04a2fe68f8014",
        "is_verified": false,
        "line_number": 227
      }
    ],
    "src\\knowledge_agent\\entity_extractors\\gliner.py": [
      {
        "type": "Hex High Entropy String",
        "filename": "src\\knowledge_agent\\entity_extractors\\gliner.py",
        "hashed_secret": "c7d9ddd276485c8564efcf57dfe72f76248c59fe",
        "is_verified": false,
        "line_number": 60
      }
    ],
    "src\\knowledge_agent\\entity_extractors\\gliner_biomed.py": [
      {
        "type": "Hex High Entropy String",
        "filename": "src\\knowledge_agent\\entity_extractors\\gliner_biomed.py",
        "hashed_secret": "31ef8a3312347a6b84d5fa9a0a23ca395d8993aa",
        "is_verified": false,
        "line_number": 56
      }
    ],
    "src\\knowledge_agent\\entity_extractors\\hunflair2.py": [
      {
        "type": "Hex High Entropy String",
        "filename": "src\\knowledge_agent\\entity_extractors\\hunflair2.py",
        "hashed_secret": "6d6797db0ad3605c6b38b80527f04a2fe68f8014",
        "is_verified": false,
        "line_number": 68
      }
    ],
    "tests\\unit\\entity_extractors\\test_extractor_lifecycle.py": [
      {
        "type": "Hex High Entropy String",
        "filename": "tests\\unit\\entity_extractors\\test_extractor_lifecycle.py",
        "hashed_secret": "158b484ae1f6f64f89da22397d25fbdafad02252",
        "is_verified": false,
        "line_number": 35
      },
      {
        "type": "Hex High Entropy String",
        "filename": "tests\\unit\\entity_extractors\\test_extractor_lifecycle.py",
        "hashed_secret": "68cb4d7895c0c3a9aec359af1872e1c8c069ab7f",
        "is_verified": false,
        "line_number": 335
      }
    ],
    "tests\\unit\\gui\\test_config_store.py": [
      {
        "type": "Secret Keyword",
        "filename": "tests\\unit\\gui\\test_config_store.py",
        "hashed_secret": "5950b6dc938c3e27e9268ab49dfd00d592a5f6a0",
        "is_verified": false,
        "line_number": 213
      },
      {
        "type": "Secret Keyword",
        "filename": "tests\\unit\\gui\\test_config_store.py",
        "hashed_secret": "fef341f85d87439e7d91a2d465b9871ef66b5e98",
        "is_verified": false,
        "line_number": 229
      }
    ],
    "tests\\unit\\ingestion\\test_bulk_ops.py": [
      {
        "type": "Hex High Entropy String",
        "filename": "tests\\unit\\ingestion\\test_bulk_ops.py",
        "hashed_secret": "90bd1b48e958257948487b90bee080ba5ed00caa",
        "is_verified": false,
        "line_number": 101
      }
    ],
    "tests\\unit\\ingestion\\test_embed.py": [
      {
        "type": "Secret Keyword",
        "filename": "tests\\unit\\ingestion\\test_embed.py",
        "hashed_secret": "c2246b49d315bc29a42aee0a73cccc7c169de53f",
        "is_verified": false,
        "line_number": 27
      }
    ],
    "tests\\unit\\kg\\test_cross_doc_writes.py": [
      {
        "type": "Secret Keyword",
        "filename": "tests\\unit\\kg\\test_cross_doc_writes.py",
        "hashed_secret": "063b35a85ba840ef0f3f8e6de622ee9761e3a471",
        "is_verified": false,
        "line_number": 96
      },
      {
        "type": "Secret Keyword",
        "filename": "tests\\unit\\kg\\test_cross_doc_writes.py",
        "hashed_secret": "b38deab6064df22e52ad0915161fb0109b80eb54",
        "is_verified": false,
        "line_number": 97
      },
      {
        "type": "Secret Keyword",
        "filename": "tests\\unit\\kg\\test_cross_doc_writes.py",
        "hashed_secret": "6000c3a5372fe5e11765c115a8596636246ec2aa",
        "is_verified": false,
        "line_number": 100
      }
    ],
    "tests\\unit\\kg\\test_cross_doc_xrefs_writes.py": [
      {
        "type": "Secret Keyword",
        "filename": "tests\\unit\\kg\\test_cross_doc_xrefs_writes.py",
        "hashed_secret": "063b35a85ba840ef0f3f8e6de622ee9761e3a471",
        "is_verified": false,
        "line_number": 83
      },
      {
        "type": "Secret Keyword",
        "filename": "tests\\unit\\kg\\test_cross_doc_xrefs_writes.py",
        "hashed_secret": "b38deab6064df22e52ad0915161fb0109b80eb54",
        "is_verified": false,
        "line_number": 84
      },
      {
        "type": "Secret Keyword",
        "filename": "tests\\unit\\kg\\test_cross_doc_xrefs_writes.py",
        "hashed_secret": "6000c3a5372fe5e11765c115a8596636246ec2aa",
        "is_verified": false,
        "line_number": 87
      }
    ],
    "tests\\unit\\kg\\test_entity_writes.py": [
      {
        "type": "Secret Keyword",
        "filename": "tests\\unit\\kg\\test_entity_writes.py",
        "hashed_secret": "063b35a85ba840ef0f3f8e6de622ee9761e3a471",
        "is_verified": false,
        "line_number": 65
      },
      {
        "type": "Secret Keyword",
        "filename": "tests\\unit\\kg\\test_entity_writes.py",
        "hashed_secret": "b38deab6064df22e52ad0915161fb0109b80eb54",
        "is_verified": false,
        "line_number": 66
      },
      {
        "type": "Secret Keyword",
        "filename": "tests\\unit\\kg\\test_entity_writes.py",
        "hashed_secret": "6000c3a5372fe5e11765c115a8596636246ec2aa",
        "is_verified": false,
        "line_number": 69
      }
    ],
    "tests\\unit\\kg\\test_kg_client.py": [
      {
        "type": "Secret Keyword",
        "filename": "tests\\unit\\kg\\test_kg_client.py",
        "hashed_secret": "063b35a85ba840ef0f3f8e6de622ee9761e3a471",
        "is_verified": false,
        "line_number": 111
      },
      {
        "type": "Secret Keyword",
        "filename": "tests\\unit\\kg\\test_kg_client.py",
        "hashed_secret": "b38deab6064df22e52ad0915161fb0109b80eb54",
        "is_verified": false,
        "line_number": 112
      },
      {
        "type": "Secret Keyword",
        "filename": "tests\\unit\\kg\\test_kg_client.py",
        "hashed_secret": "6000c3a5372fe5e11765c115a8596636246ec2aa",
        "is_verified": false,
        "line_number": 115
      }
    ],
    "tests\\unit\\kg\\test_ontology_chebi_writes.py": [
      {
        "type": "Secret Keyword",
        "filename": "tests\\unit\\kg\\test_ontology_chebi_writes.py",
        "hashed_secret": "063b35a85ba840ef0f3f8e6de622ee9761e3a471",
        "is_verified": false,
        "line_number": 84
      },
      {
        "type": "Secret Keyword",
        "filename": "tests\\unit\\kg\\test_ontology_chebi_writes.py",
        "hashed_secret": "b38deab6064df22e52ad0915161fb0109b80eb54",
        "is_verified": false,
        "line_number": 85
      },
      {
        "type": "Secret Keyword",
        "filename": "tests\\unit\\kg\\test_ontology_chebi_writes.py",
        "hashed_secret": "6000c3a5372fe5e11765c115a8596636246ec2aa",
        "is_verified": false,
        "line_number": 88
      }
    ],
    "tests\\unit\\kg\\test_ontology_cl_writes.py": [
      {
        "type": "Secret Keyword",
        "filename": "tests\\unit\\kg\\test_ontology_cl_writes.py",
        "hashed_secret": "063b35a85ba840ef0f3f8e6de622ee9761e3a471",
        "is_verified": false,
        "line_number": 71
      },
      {
        "type": "Secret Keyword",
        "filename": "tests\\unit\\kg\\test_ontology_cl_writes.py",
        "hashed_secret": "b38deab6064df22e52ad0915161fb0109b80eb54",
        "is_verified": false,
        "line_number": 72
      },
      {
        "type": "Secret Keyword",
        "filename": "tests\\unit\\kg\\test_ontology_cl_writes.py",
        "hashed_secret": "6000c3a5372fe5e11765c115a8596636246ec2aa",
        "is_verified": false,
        "line_number": 75
      }
    ],
    "tests\\unit\\kg\\test_ontology_dron_writes.py": [
      {
        "type": "Secret Keyword",
        "filename": "tests\\unit\\kg\\test_ontology_dron_writes.py",
        "hashed_secret": "063b35a85ba840ef0f3f8e6de622ee9761e3a471",
        "is_verified": false,
        "line_number": 77
      },
      {
        "type": "Secret Keyword",
        "filename": "tests\\unit\\kg\\test_ontology_dron_writes.py",
        "hashed_secret": "b38deab6064df22e52ad0915161fb0109b80eb54",
        "is_verified": false,
        "line_number": 78
      },
      {
        "type": "Secret Keyword",
        "filename": "tests\\unit\\kg\\test_ontology_dron_writes.py",
        "hashed_secret": "6000c3a5372fe5e11765c115a8596636246ec2aa",
        "is_verified": false,
        "line_number": 81
      }
    ],
    "tests\\unit\\kg\\test_ontology_eco_writes.py": [
      {
        "type": "Secret Keyword",
        "filename": "tests\\unit\\kg\\test_ontology_eco_writes.py",
        "hashed_secret": "063b35a85ba840ef0f3f8e6de622ee9761e3a471",
        "is_verified": false,
        "line_number": 83
      },
      {
        "type": "Secret Keyword",
        "filename": "tests\\unit\\kg\\test_ontology_eco_writes.py",
        "hashed_secret": "b38deab6064df22e52ad0915161fb0109b80eb54",
        "is_verified": false,
        "line_number": 84
      },
      {
        "type": "Secret Keyword",
        "filename": "tests\\unit\\kg\\test_ontology_eco_writes.py",
        "hashed_secret": "6000c3a5372fe5e11765c115a8596636246ec2aa",
        "is_verified": false,
        "line_number": 87
      }
    ],
    "tests\\unit\\kg\\test_ontology_efo_writes.py": [
      {
        "type": "Secret Keyword",
        "filename": "tests\\unit\\kg\\test_ontology_efo_writes.py",
        "hashed_secret": "063b35a85ba840ef0f3f8e6de622ee9761e3a471",
        "is_verified": false,
        "line_number": 77
      },
      {
        "type": "Secret Keyword",
        "filename": "tests\\unit\\kg\\test_ontology_efo_writes.py",
        "hashed_secret": "b38deab6064df22e52ad0915161fb0109b80eb54",
        "is_verified": false,
        "line_number": 78
      },
      {
        "type": "Secret Keyword",
        "filename": "tests\\unit\\kg\\test_ontology_efo_writes.py",
        "hashed_secret": "6000c3a5372fe5e11765c115a8596636246ec2aa",
        "is_verified": false,
        "line_number": 81
      }
    ],
    "tests\\unit\\kg\\test_ontology_envo_writes.py": [
      {
        "type": "Secret Keyword",
        "filename": "tests\\unit\\kg\\test_ontology_envo_writes.py",
        "hashed_secret": "063b35a85ba840ef0f3f8e6de622ee9761e3a471",
        "is_verified": false,
        "line_number": 71
      },
      {
        "type": "Secret Keyword",
        "filename": "tests\\unit\\kg\\test_ontology_envo_writes.py",
        "hashed_secret": "b38deab6064df22e52ad0915161fb0109b80eb54",
        "is_verified": false,
        "line_number": 72
      },
      {
        "type": "Secret Keyword",
        "filename": "tests\\unit\\kg\\test_ontology_envo_writes.py",
        "hashed_secret": "6000c3a5372fe5e11765c115a8596636246ec2aa",
        "is_verified": false,
        "line_number": 75
      }
    ],
    "tests\\unit\\kg\\test_ontology_fibo_writes.py": [
      {
        "type": "Secret Keyword",
        "filename": "tests\\unit\\kg\\test_ontology_fibo_writes.py",
        "hashed_secret": "063b35a85ba840ef0f3f8e6de622ee9761e3a471",
        "is_verified": false,
        "line_number": 84
      },
      {
        "type": "Secret Keyword",
        "filename": "tests\\unit\\kg\\test_ontology_fibo_writes.py",
        "hashed_secret": "b38deab6064df22e52ad0915161fb0109b80eb54",
        "is_verified": false,
        "line_number": 85
      },
      {
        "type": "Secret Keyword",
        "filename": "tests\\unit\\kg\\test_ontology_fibo_writes.py",
        "hashed_secret": "6000c3a5372fe5e11765c115a8596636246ec2aa",
        "is_verified": false,
        "line_number": 88
      }
    ],
    "tests\\unit\\kg\\test_ontology_foodon_writes.py": [
      {
        "type": "Secret Keyword",
        "filename": "tests\\unit\\kg\\test_ontology_foodon_writes.py",
        "hashed_secret": "063b35a85ba840ef0f3f8e6de622ee9761e3a471",
        "is_verified": false,
        "line_number": 71
      },
      {
        "type": "Secret Keyword",
        "filename": "tests\\unit\\kg\\test_ontology_foodon_writes.py",
        "hashed_secret": "b38deab6064df22e52ad0915161fb0109b80eb54",
        "is_verified": false,
        "line_number": 72
      },
      {
        "type": "Secret Keyword",
        "filename": "tests\\unit\\kg\\test_ontology_foodon_writes.py",
        "hashed_secret": "6000c3a5372fe5e11765c115a8596636246ec2aa",
        "is_verified": false,
        "line_number": 75
      }
    ],
    "tests\\unit\\kg\\test_ontology_go_writes.py": [
      {
        "type": "Secret Keyword",
        "filename": "tests\\unit\\kg\\test_ontology_go_writes.py",
        "hashed_secret": "063b35a85ba840ef0f3f8e6de622ee9761e3a471",
        "is_verified": false,
        "line_number": 83
      },
      {
        "type": "Secret Keyword",
        "filename": "tests\\unit\\kg\\test_ontology_go_writes.py",
        "hashed_secret": "b38deab6064df22e52ad0915161fb0109b80eb54",
        "is_verified": false,
        "line_number": 84
      },
      {
        "type": "Secret Keyword",
        "filename": "tests\\unit\\kg\\test_ontology_go_writes.py",
        "hashed_secret": "6000c3a5372fe5e11765c115a8596636246ec2aa",
        "is_verified": false,
        "line_number": 87
      }
    ],
    "tests\\unit\\kg\\test_ontology_hpo_writes.py": [
      {
        "type": "Secret Keyword",
        "filename": "tests\\unit\\kg\\test_ontology_hpo_writes.py",
        "hashed_secret": "063b35a85ba840ef0f3f8e6de622ee9761e3a471",
        "is_verified": false,
        "line_number": 82
      },
      {
        "type": "Secret Keyword",
        "filename": "tests\\unit\\kg\\test_ontology_hpo_writes.py",
        "hashed_secret": "b38deab6064df22e52ad0915161fb0109b80eb54",
        "is_verified": false,
        "line_number": 83
      },
      {
        "type": "Secret Keyword",
        "filename": "tests\\unit\\kg\\test_ontology_hpo_writes.py",
        "hashed_secret": "6000c3a5372fe5e11765c115a8596636246ec2aa",
        "is_verified": false,
        "line_number": 86
      }
    ],
    "tests\\unit\\kg\\test_ontology_linking.py": [
      {
        "type": "Secret Keyword",
        "filename": "tests\\unit\\kg\\test_ontology_linking.py",
        "hashed_secret": "063b35a85ba840ef0f3f8e6de622ee9761e3a471",
        "is_verified": false,
        "line_number": 85
      },
      {
        "type": "Secret Keyword",
        "filename": "tests\\unit\\kg\\test_ontology_linking.py",
        "hashed_secret": "b38deab6064df22e52ad0915161fb0109b80eb54",
        "is_verified": false,
        "line_number": 86
      },
      {
        "type": "Secret Keyword",
        "filename": "tests\\unit\\kg\\test_ontology_linking.py",
        "hashed_secret": "6000c3a5372fe5e11765c115a8596636246ec2aa",
        "is_verified": false,
        "line_number": 89
      }
    ],
    "tests\\unit\\kg\\test_ontology_mesh_writes.py": [
      {
        "type": "Secret Keyword",
        "filename": "tests\\unit\\kg\\test_ontology_mesh_writes.py",
        "hashed_secret": "063b35a85ba840ef0f3f8e6de622ee9761e3a471",
        "is_verified": false,
        "line_number": 90
      },
      {
        "type": "Secret Keyword",
        "filename": "tests\\unit\\kg\\test_ontology_mesh_writes.py",
        "hashed_secret": "b38deab6064df22e52ad0915161fb0109b80eb54",
        "is_verified": false,
        "line_number": 91
      },
      {
        "type": "Secret Keyword",
        "filename": "tests\\unit\\kg\\test_ontology_mesh_writes.py",
        "hashed_secret": "6000c3a5372fe5e11765c115a8596636246ec2aa",
        "is_verified": false,
        "line_number": 94
      }
    ],
    "tests\\unit\\kg\\test_ontology_mondo_writes.py": [
      {
        "type": "Secret Keyword",
        "filename": "tests\\unit\\kg\\test_ontology_mondo_writes.py",
        "hashed_secret": "063b35a85ba840ef0f3f8e6de622ee9761e3a471",
        "is_verified": false,
        "line_number": 83
      },
      {
        "type": "Secret Keyword",
        "filename": "tests\\unit\\kg\\test_ontology_mondo_writes.py",
        "hashed_secret": "b38deab6064df22e52ad0915161fb0109b80eb54",
        "is_verified": false,
        "line_number": 84
      },
      {
        "type": "Secret Keyword",
        "filename": "tests\\unit\\kg\\test_ontology_mondo_writes.py",
        "hashed_secret": "6000c3a5372fe5e11765c115a8596636246ec2aa",
        "is_verified": false,
        "line_number": 87
      }
    ],
    "tests\\unit\\kg\\test_ontology_ncbitaxon_writes.py": [
      {
        "type": "Secret Keyword",
        "filename": "tests\\unit\\kg\\test_ontology_ncbitaxon_writes.py",
        "hashed_secret": "063b35a85ba840ef0f3f8e6de622ee9761e3a471",
        "is_verified": false,
        "line_number": 71
      },
      {
        "type": "Secret Keyword",
        "filename": "tests\\unit\\kg\\test_ontology_ncbitaxon_writes.py",
        "hashed_secret": "b38deab6064df22e52ad0915161fb0109b80eb54",
        "is_verified": false,
        "line_number": 72
      },
      {
        "type": "Secret Keyword",
        "filename": "tests\\unit\\kg\\test_ontology_ncbitaxon_writes.py",
        "hashed_secret": "6000c3a5372fe5e11765c115a8596636246ec2aa",
        "is_verified": false,
        "line_number": 75
      }
    ],
    "tests\\unit\\kg\\test_ontology_obi_writes.py": [
      {
        "type": "Secret Keyword",
        "filename": "tests\\unit\\kg\\test_ontology_obi_writes.py",
        "hashed_secret": "063b35a85ba840ef0f3f8e6de622ee9761e3a471",
        "is_verified": false,
        "line_number": 77
      },
      {
        "type": "Secret Keyword",
        "filename": "tests\\unit\\kg\\test_ontology_obi_writes.py",
        "hashed_secret": "b38deab6064df22e52ad0915161fb0109b80eb54",
        "is_verified": false,
        "line_number": 78
      },
      {
        "type": "Secret Keyword",
        "filename": "tests\\unit\\kg\\test_ontology_obi_writes.py",
        "hashed_secret": "6000c3a5372fe5e11765c115a8596636246ec2aa",
        "is_verified": false,
        "line_number": 81
      }
    ],
    "tests\\unit\\kg\\test_ontology_po_writes.py": [
      {
        "type": "Secret Keyword",
        "filename": "tests\\unit\\kg\\test_ontology_po_writes.py",
        "hashed_secret": "063b35a85ba840ef0f3f8e6de622ee9761e3a471",
        "is_verified": false,
        "line_number": 71
      },
      {
        "type": "Secret Keyword",
        "filename": "tests\\unit\\kg\\test_ontology_po_writes.py",
        "hashed_secret": "b38deab6064df22e52ad0915161fb0109b80eb54",
        "is_verified": false,
        "line_number": 72
      },
      {
        "type": "Secret Keyword",
        "filename": "tests\\unit\\kg\\test_ontology_po_writes.py",
        "hashed_secret": "6000c3a5372fe5e11765c115a8596636246ec2aa",
        "is_verified": false,
        "line_number": 75
      }
    ],
    "tests\\unit\\kg\\test_ontology_pr_writes.py": [
      {
        "type": "Secret Keyword",
        "filename": "tests\\unit\\kg\\test_ontology_pr_writes.py",
        "hashed_secret": "063b35a85ba840ef0f3f8e6de622ee9761e3a471",
        "is_verified": false,
        "line_number": 71
      },
      {
        "type": "Secret Keyword",
        "filename": "tests\\unit\\kg\\test_ontology_pr_writes.py",
        "hashed_secret": "b38deab6064df22e52ad0915161fb0109b80eb54",
        "is_verified": false,
        "line_number": 72
      },
      {
        "type": "Secret Keyword",
        "filename": "tests\\unit\\kg\\test_ontology_pr_writes.py",
        "hashed_secret": "6000c3a5372fe5e11765c115a8596636246ec2aa",
        "is_verified": false,
        "line_number": 75
      }
    ],
    "tests\\unit\\kg\\test_ontology_so_writes.py": [
      {
        "type": "Secret Keyword",
        "filename": "tests\\unit\\kg\\test_ontology_so_writes.py",
        "hashed_secret": "063b35a85ba840ef0f3f8e6de622ee9761e3a471",
        "is_verified": false,
        "line_number": 71
      },
      {
        "type": "Secret Keyword",
        "filename": "tests\\unit\\kg\\test_ontology_so_writes.py",
        "hashed_secret": "b38deab6064df22e52ad0915161fb0109b80eb54",
        "is_verified": false,
        "line_number": 72
      },
      {
        "type": "Secret Keyword",
        "filename": "tests\\unit\\kg\\test_ontology_so_writes.py",
        "hashed_secret": "6000c3a5372fe5e11765c115a8596636246ec2aa",
        "is_verified": false,
        "line_number": 75
      }
    ],
    "tests\\unit\\kg\\test_ontology_uberon_writes.py": [
      {
        "type": "Secret Keyword",
        "filename": "tests\\unit\\kg\\test_ontology_uberon_writes.py",
        "hashed_secret": "063b35a85ba840ef0f3f8e6de622ee9761e3a471",
        "is_verified": false,
        "line_number": 83
      },
      {
        "type": "Secret Keyword",
        "filename": "tests\\unit\\kg\\test_ontology_uberon_writes.py",
        "hashed_secret": "b38deab6064df22e52ad0915161fb0109b80eb54",
        "is_verified": false,
        "line_number": 84
      },
      {
        "type": "Secret Keyword",
        "filename": "tests\\unit\\kg\\test_ontology_uberon_writes.py",
        "hashed_secret": "6000c3a5372fe5e11765c115a8596636246ec2aa",
        "is_verified": false,
        "line_number": 87
      }
    ],
    "tests\\unit\\kg\\test_triples_writes.py": [
      {
        "type": "Secret Keyword",
        "filename": "tests\\unit\\kg\\test_triples_writes.py",
        "hashed_secret": "063b35a85ba840ef0f3f8e6de622ee9761e3a471",
        "is_verified": false,
        "line_number": 87
      },
      {
        "type": "Secret Keyword",
        "filename": "tests\\unit\\kg\\test_triples_writes.py",
        "hashed_secret": "b38deab6064df22e52ad0915161fb0109b80eb54",
        "is_verified": false,
        "line_number": 88
      },
      {
        "type": "Secret Keyword",
        "filename": "tests\\unit\\kg\\test_triples_writes.py",
        "hashed_secret": "6000c3a5372fe5e11765c115a8596636246ec2aa",
        "is_verified": false,
        "line_number": 91
      }
    ],
    "tests\\unit\\search\\test_search_client.py": [
      {
        "type": "Secret Keyword",
        "filename": "tests\\unit\\search\\test_search_client.py",
        "hashed_secret": "063b35a85ba840ef0f3f8e6de622ee9761e3a471",
        "is_verified": false,
        "line_number": 169
      },
      {
        "type": "Secret Keyword",
        "filename": "tests\\unit\\search\\test_search_client.py",
        "hashed_secret": "b38deab6064df22e52ad0915161fb0109b80eb54",
        "is_verified": false,
        "line_number": 170
      },
      {
        "type": "Secret Keyword",
        "filename": "tests\\unit\\search\\test_search_client.py",
        "hashed_secret": "6000c3a5372fe5e11765c115a8596636246ec2aa",
        "is_verified": false,
        "line_number": 173
      }
    ],
    "tests\\unit\\test_config.py": [
      {
        "type": "Secret Keyword",
        "filename": "tests\\unit\\test_config.py",
        "hashed_secret": "49c57d3e6723921130ee2ca5e1b887499ad7f34b",
        "is_verified": false,
        "line_number": 62
      },
      {
        "type": "Secret Keyword",
        "filename": "tests\\unit\\test_config.py",
        "hashed_secret": "eb2ac69908f87057f8fbca1202aafbf2aff38ebe",
        "is_verified": false,
        "line_number": 63
      },
      {
        "type": "Secret Keyword",
        "filename": "tests\\unit\\test_config.py",
        "hashed_secret": "789cbe0407840b1c2041cb33452ff60f19bf58cc",
        "is_verified": false,
        "line_number": 66
      }
    ],
    "tests\\unit\\test_embedder_factory.py": [
      {
        "type": "Secret Keyword",
        "filename": "tests\\unit\\test_embedder_factory.py",
        "hashed_secret": "845fa28a5bf5d82cfa91a00ef9cf6cca8aef00db",
        "is_verified": false,
        "line_number": 131
      },
      {
        "type": "Secret Keyword",
        "filename": "tests\\unit\\test_embedder_factory.py",
        "hashed_secret": "1035fbe70ab2145c489ae6b35734727c955e2c9d",
        "is_verified": false,
        "line_number": 154
      }
    ],
    "tests\\unit\\test_health.py": [
      {
        "type": "Secret Keyword",
        "filename": "tests\\unit\\test_health.py",
        "hashed_secret": "bb3be8e9392f90cd6fdd90f9ffc3cc40e2d6b670",
        "is_verified": false,
        "line_number": 191
      },
      {
        "type": "Secret Keyword",
        "filename": "tests\\unit\\test_health.py",
        "hashed_secret": "dd22245476c3588a51a744478b2c547344e5cec5",
        "is_verified": false,
        "line_number": 192
      }
    ],
    "tests\\unit\\test_llm_factory.py": [
      {
        "type": "Secret Keyword",
        "filename": "tests\\unit\\test_llm_factory.py",
        "hashed_secret": "a02607b8713c9d22aaf021ab214543925b960d66",
        "is_verified": false,
        "line_number": 130
      },
      {
        "type": "Secret Keyword",
        "filename": "tests\\unit\\test_llm_factory.py",
        "hashed_secret": "845fa28a5bf5d82cfa91a00ef9cf6cca8aef00db",
        "is_verified": false,
        "line_number": 137
      }
    ]
  },
  "generated_at": "2026-07-04T16:07:25Z"
}
